package testpkg

func fn1() {
	var a = 1
	var b = 2
	const c = 3
	const d = 4
}

