// Code generated by protoc-gen-go. DO NOT EDIT.

package chat

func _ChatService_SayHello_Handler(srv interface{}, ctx context.Context, dec func(interface{}) error, interceptor grpc.UnaryServerInterceptor) (interface{}, error) {
	in := new(Message)
	if err := dec(in); err != nil {
		return nil, err
	}
	if interceptor == nil {
		return srv.(ChatServiceServer).SayHello(ctx, in)
	}
	info := &grpc.UnaryServerInfo{
		Server:     srv,
		FullMethod: "/go.grpc.http.muxer.com.chat.v1.ChatService/SayHello",
	}
	handler := func(ctx context.Context, req interface{}) (interface{}, error) {
		return srv.(ChatServiceServer).SayHello(ctx, req.(*Message))
	}
	return interceptor(ctx, in, info, handler)
}
