package pkg

func Fn() {
    var a = 1
    var b = 2
    var c = 3
}
